stm32l4xx_hal_rtc_ex.c:198:19:HAL_RTCEx_SetTimeStamp	32	static
stm32l4xx_hal_rtc_ex.c:257:19:HAL_RTCEx_SetTimeStamp_IT	32	static
stm32l4xx_hal_rtc_ex.c:309:19:HAL_RTCEx_DeactivateTimeStamp	24	static
stm32l4xx_hal_rtc_ex.c:347:19:HAL_RTCEx_SetInternalTimeStamp	16	static
stm32l4xx_hal_rtc_ex.c:377:19:HAL_RTCEx_DeactivateInternalTimeStamp	16	static
stm32l4xx_hal_rtc_ex.c:412:19:HAL_RTCEx_GetTimeStamp	32	static
stm32l4xx_hal_rtc_ex.c:538:6:HAL_RTCEx_TamperTimeStampIRQHandler	16	static
stm32l4xx_hal_rtc_ex.c:625:13:HAL_RTCEx_TimeStampEventCallback	16	static
stm32l4xx_hal_rtc_ex.c:641:19:HAL_RTCEx_PollForTimeStampEvent	24	static
stm32l4xx_hal_rtc_ex.c:699:19:HAL_RTCEx_SetWakeUpTimer	32	static
stm32l4xx_hal_rtc_ex.c:784:19:HAL_RTCEx_SetWakeUpTimer_IT	32	static
stm32l4xx_hal_rtc_ex.c:893:19:HAL_RTCEx_DeactivateWakeUpTimer	24	static
stm32l4xx_hal_rtc_ex.c:945:10:HAL_RTCEx_GetWakeUpTimer	16	static
stm32l4xx_hal_rtc_ex.c:956:6:HAL_RTCEx_WakeUpTimerIRQHandler	16	static
stm32l4xx_hal_rtc_ex.c:993:13:HAL_RTCEx_WakeUpTimerEventCallback	16	static
stm32l4xx_hal_rtc_ex.c:1010:19:HAL_RTCEx_PollForWakeUpTimerEvent	24	static
stm32l4xx_hal_rtc_ex.c:1087:19:HAL_RTCEx_SetSmoothCalib	32	static
stm32l4xx_hal_rtc_ex.c:1202:19:HAL_RTCEx_SetSynchroShift	32	static
stm32l4xx_hal_rtc_ex.c:1299:19:HAL_RTCEx_SetCalibrationOutPut	16	static
stm32l4xx_hal_rtc_ex.c:1337:19:HAL_RTCEx_DeactivateCalibrationOutPut	16	static
stm32l4xx_hal_rtc_ex.c:1366:19:HAL_RTCEx_SetRefClock	24	static
stm32l4xx_hal_rtc_ex.c:1407:19:HAL_RTCEx_DeactivateRefClock	24	static
stm32l4xx_hal_rtc_ex.c:1450:19:HAL_RTCEx_EnableBypassShadow	16	static
stm32l4xx_hal_rtc_ex.c:1482:19:HAL_RTCEx_DisableBypassShadow	16	static
stm32l4xx_hal_rtc_ex.c:1531:13:HAL_RTCEx_AlarmBEventCallback	16	static
stm32l4xx_hal_rtc_ex.c:1547:19:HAL_RTCEx_PollForAlarmBEvent	24	static
stm32l4xx_hal_rtc_ex.c:1679:19:HAL_RTCEx_SetTamper	24	static
stm32l4xx_hal_rtc_ex.c:1848:19:HAL_RTCEx_SetTamper_IT	24	static
stm32l4xx_hal_rtc_ex.c:1981:19:HAL_RTCEx_DeactivateTamper	16	static
stm32l4xx_hal_rtc_ex.c:2030:19:HAL_RTCEx_PollForTamper1Event	24	static
stm32l4xx_hal_rtc_ex.c:2063:19:HAL_RTCEx_PollForTamper2Event	24	static
stm32l4xx_hal_rtc_ex.c:2096:19:HAL_RTCEx_PollForTamper3Event	24	static
stm32l4xx_hal_rtc_ex.c:2131:13:HAL_RTCEx_Tamper1EventCallback	16	static
stm32l4xx_hal_rtc_ex.c:2147:13:HAL_RTCEx_Tamper2EventCallback	16	static
stm32l4xx_hal_rtc_ex.c:2163:13:HAL_RTCEx_Tamper3EventCallback	16	static
stm32l4xx_hal_rtc_ex.c:2208:6:HAL_RTCEx_BKUPWrite	32	static
stm32l4xx_hal_rtc_ex.c:2241:10:HAL_RTCEx_BKUPRead	24	static
