<html>
<body>
<pre>
<h1>µVision Build Log</h1>
<h2>Tool Versions:</h2>
IDE-Version: ¦ÌVision V5.28.0.0
Copyright (C) 2019 ARM Ltd and ARM Germany GmbH. All rights reserved.
License Information: Zhao_ch Zhao_ch, Future, LIC=NQQ63-A7UHR-IG47N-YFCNK-4NU0G-FGA70
 
Tool Versions:
Toolchain:       MDK-ARM Plus  Version: 5.28.0.0
Toolchain Path:  C:\Keil\ARM\ARMCC\Bin
C Compiler:      Armcc.exe V5.06 update 6 (build 750)
Assembler:       Armasm.exe V5.06 update 6 (build 750)
Linker/Locator:  ArmLink.exe V5.06 update 6 (build 750)
Library Manager: ArmAr.exe V5.06 update 6 (build 750)
Hex Converter:   FromElf.exe V5.06 update 6 (build 750)
CPU DLL:         SARMCM3.DLL V5.28.0.0
Dialog DLL:      DCM.DLL V1.17.3.0
Target DLL:      STLink\ST-LINKIII-KEIL_SWO.dll V3.0.6.0
Dialog DLL:      TCM.DLL V1.36.2.0
 
<h2>Project:</h2>
D:\03_WorkSpace\03_STM32Cube_HAL\00_H743_Core\MDK-ARM\00_H743_Core.uvprojx
Project File Date:  01/10/2020

<h2>Output:</h2>
*** Using Compiler 'V5.06 update 6 (build 750)', folder: 'C:\Keil\ARM\ARMCC\Bin'
Build target '00_H743_Core'
assembling startup_stm32h743xx.s...
compiling debug.c...
compiling adc.c...
compiling fdcan.c...
compiling gpio.c...
compiling eth.c...
../Src/eth.c(79): warning:  #223-D: function "memset" declared implicitly
    memset(&TxConfig, 0 , sizeof(ETH_TxPacketConfig));
../Src/eth.c: 1 warning, 0 errors
compiling main.c...
compiling i2c.c...
compiling spi.c...
compiling sdmmc.c...
compiling sys.c...
compiling rtc.c...
compiling tim.c...
compiling usart.c...
compiling stm32h7xx_it.c...
compiling stm32h7xx_hal_msp.c...
compiling stm32h7xx_hal_adc_ex.c...
compiling stm32h7xx_hal_rcc.c...
compiling stm32h7xx_hal_adc.c...
compiling stm32h7xx_hal_flash.c...
compiling stm32h7xx_hal_rcc_ex.c...
compiling stm32h7xx_hal_gpio.c...
compiling stm32h7xx_hal_hsem.c...
compiling stm32h7xx_hal_flash_ex.c...
compiling stm32h7xx_hal_dma.c...
compiling stm32h7xx_hal_pwr.c...
compiling stm32h7xx_hal_dma_ex.c...
compiling stm32h7xx_hal_mdma.c...
compiling stm32h7xx_hal_cortex.c...
compiling stm32h7xx_hal_pwr_ex.c...
compiling stm32h7xx_hal.c...
compiling stm32h7xx_hal_i2c_ex.c...
compiling stm32h7xx_hal_exti.c...
compiling stm32h7xx_hal_eth_ex.c...
compiling stm32h7xx_hal_eth.c...
compiling stm32h7xx_hal_i2c.c...
compiling stm32h7xx_hal_fdcan.c...
compiling stm32h7xx_hal_rtc.c...
compiling stm32h7xx_hal_rtc_ex.c...
compiling stm32h7xx_ll_sdmmc.c...
compiling stm32h7xx_ll_delayblock.c...
compiling stm32h7xx_hal_sd.c...
compiling stm32h7xx_hal_sd_ex.c...
compiling stm32h7xx_hal_spi.c...
compiling stm32h7xx_hal_spi_ex.c...
compiling stm32h7xx_hal_tim_ex.c...
compiling stm32h7xx_hal_uart.c...
compiling stm32h7xx_hal_tim.c...
compiling stm32h7xx_hal_uart_ex.c...
compiling system_stm32h7xx.c...
linking...
Program Size: Code=27508 RO-data=804 RW-data=20 ZI-data=9524  
FromELF: creating hex file...
"00_H743_Core\00_H743_Core.axf" - 0 Error(s), 1 Warning(s).

<h2>Software Packages used:</h2>

Package Vendor: ARM
                http://www.keil.com/pack/ARM.CMSIS.5.6.0.pack
                ARM.CMSIS.5.6.0
                CMSIS (Cortex Microcontroller Software Interface Standard)
   * Component: CORE Version: 5.3.0

Package Vendor: Keil
                http://www.keil.com/pack/Keil.STM32H7xx_DFP.2.2.0.pack
                Keil.STM32H7xx_DFP.2.2.0
                STMicroelectronics STM32H7 Series Device Support and Examples

<h2>Collection of Component include folders:</h2>
  .\RTE\_00_H743_Core
  C:\Users\Zhao_ch\AppData\Local\Arm\Packs\ARM\CMSIS\5.6.0\CMSIS\Core\Include
  C:\Users\Zhao_ch\AppData\Local\Arm\Packs\Keil\STM32H7xx_DFP\2.2.0\Drivers\CMSIS\Device\ST\STM32H7xx\Include

<h2>Collection of Component Files used:</h2>

   * Component: ARM::CMSIS:CORE:5.3.0
Build Time Elapsed:  00:03:54
</pre>
</body>
</html>
