Archive member included to satisfy reference by file (symbol)

c:/st/stm32cubeide_1.1.0/stm32cubeide/plugins/com.st.stm32cube.ide.mcu.externaltools.gnu-tools-for-stm32.7-2018-q2-update.win32_1.0.0.201904181610/tools/bin/../lib/gcc/arm-none-eabi/7.3.1/../../../../arm-none-eabi/lib/thumb/v7e-m/fpv4-sp/hard\libc_nano.a(lib_a-errno.o)
                              Src/syscalls.o (__errno)
c:/st/stm32cubeide_1.1.0/stm32cubeide/plugins/com.st.stm32cube.ide.mcu.externaltools.gnu-tools-for-stm32.7-2018-q2-update.win32_1.0.0.201904181610/tools/bin/../lib/gcc/arm-none-eabi/7.3.1/../../../../arm-none-eabi/lib/thumb/v7e-m/fpv4-sp/hard\libc_nano.a(lib_a-exit.o)
                              c:/st/stm32cubeide_1.1.0/stm32cubeide/plugins/com.st.stm32cube.ide.mcu.externaltools.gnu-tools-for-stm32.7-2018-q2-update.win32_1.0.0.201904181610/tools/bin/../lib/gcc/arm-none-eabi/7.3.1/../../../../arm-none-eabi/lib/thumb/v7e-m/fpv4-sp/hard/crt0.o (exit)
c:/st/stm32cubeide_1.1.0/stm32cubeide/plugins/com.st.stm32cube.ide.mcu.externaltools.gnu-tools-for-stm32.7-2018-q2-update.win32_1.0.0.201904181610/tools/bin/../lib/gcc/arm-none-eabi/7.3.1/../../../../arm-none-eabi/lib/thumb/v7e-m/fpv4-sp/hard\libc_nano.a(lib_a-impure.o)
                              c:/st/stm32cubeide_1.1.0/stm32cubeide/plugins/com.st.stm32cube.ide.mcu.externaltools.gnu-tools-for-stm32.7-2018-q2-update.win32_1.0.0.201904181610/tools/bin/../lib/gcc/arm-none-eabi/7.3.1/../../../../arm-none-eabi/lib/thumb/v7e-m/fpv4-sp/hard\libc_nano.a(lib_a-exit.o) (_global_impure_ptr)
c:/st/stm32cubeide_1.1.0/stm32cubeide/plugins/com.st.stm32cube.ide.mcu.externaltools.gnu-tools-for-stm32.7-2018-q2-update.win32_1.0.0.201904181610/tools/bin/../lib/gcc/arm-none-eabi/7.3.1/../../../../arm-none-eabi/lib/thumb/v7e-m/fpv4-sp/hard\libc_nano.a(lib_a-init.o)
                              c:/st/stm32cubeide_1.1.0/stm32cubeide/plugins/com.st.stm32cube.ide.mcu.externaltools.gnu-tools-for-stm32.7-2018-q2-update.win32_1.0.0.201904181610/tools/bin/../lib/gcc/arm-none-eabi/7.3.1/../../../../arm-none-eabi/lib/thumb/v7e-m/fpv4-sp/hard/crt0.o (__libc_init_array)
c:/st/stm32cubeide_1.1.0/stm32cubeide/plugins/com.st.stm32cube.ide.mcu.externaltools.gnu-tools-for-stm32.7-2018-q2-update.win32_1.0.0.201904181610/tools/bin/../lib/gcc/arm-none-eabi/7.3.1/../../../../arm-none-eabi/lib/thumb/v7e-m/fpv4-sp/hard\libc_nano.a(lib_a-memset.o)
                              c:/st/stm32cubeide_1.1.0/stm32cubeide/plugins/com.st.stm32cube.ide.mcu.externaltools.gnu-tools-for-stm32.7-2018-q2-update.win32_1.0.0.201904181610/tools/bin/../lib/gcc/arm-none-eabi/7.3.1/../../../../arm-none-eabi/lib/thumb/v7e-m/fpv4-sp/hard/crt0.o (memset)

Allocating common symbols
Common symbol       size              file

uwTick              0x4               Drivers/STM32L4xx_HAL_Driver/Src/stm32l4xx_hal.o
htim2               0x40              Src/tim.o

Discarded input sections

 .text          0x0000000000000000        0x0 c:/st/stm32cubeide_1.1.0/stm32cubeide/plugins/com.st.stm32cube.ide.mcu.externaltools.gnu-tools-for-stm32.7-2018-q2-update.win32_1.0.0.201904181610/tools/bin/../lib/gcc/arm-none-eabi/7.3.1/thumb/v7e-m/fpv4-sp/hard/crti.o
 .data          0x0000000000000000        0x0 c:/st/stm32cubeide_1.1.0/stm32cubeide/plugins/com.st.stm32cube.ide.mcu.externaltools.gnu-tools-for-stm32.7-2018-q2-update.win32_1.0.0.201904181610/tools/bin/../lib/gcc/arm-none-eabi/7.3.1/thumb/v7e-m/fpv4-sp/hard/crti.o
 .bss           0x0000000000000000        0x0 c:/st/stm32cubeide_1.1.0/stm32cubeide/plugins/com.st.stm32cube.ide.mcu.externaltools.gnu-tools-for-stm32.7-2018-q2-update.win32_1.0.0.201904181610/tools/bin/../lib/gcc/arm-none-eabi/7.3.1/thumb/v7e-m/fpv4-sp/hard/crti.o
 .data          0x0000000000000000        0x4 c:/st/stm32cubeide_1.1.0/stm32cubeide/plugins/com.st.stm32cube.ide.mcu.externaltools.gnu-tools-for-stm32.7-2018-q2-update.win32_1.0.0.201904181610/tools/bin/../lib/gcc/arm-none-eabi/7.3.1/thumb/v7e-m/fpv4-sp/hard/crtbegin.o
 .text          0x0000000000000000       0x74 c:/st/stm32cubeide_1.1.0/stm32cubeide/plugins/com.st.stm32cube.ide.mcu.externaltools.gnu-tools-for-stm32.7-2018-q2-update.win32_1.0.0.201904181610/tools/bin/../lib/gcc/arm-none-eabi/7.3.1/../../../../arm-none-eabi/lib/thumb/v7e-m/fpv4-sp/hard/crt0.o
 .data          0x0000000000000000        0x0 c:/st/stm32cubeide_1.1.0/stm32cubeide/plugins/com.st.stm32cube.ide.mcu.externaltools.gnu-tools-for-stm32.7-2018-q2-update.win32_1.0.0.201904181610/tools/bin/../lib/gcc/arm-none-eabi/7.3.1/../../../../arm-none-eabi/lib/thumb/v7e-m/fpv4-sp/hard/crt0.o
 .bss           0x0000000000000000        0x0 c:/st/stm32cubeide_1.1.0/stm32cubeide/plugins/com.st.stm32cube.ide.mcu.externaltools.gnu-tools-for-stm32.7-2018-q2-update.win32_1.0.0.201904181610/tools/bin/../lib/gcc/arm-none-eabi/7.3.1/../../../../arm-none-eabi/lib/thumb/v7e-m/fpv4-sp/hard/crt0.o
[...]
Memory Configuration

Name             Origin             Length             Attributes
RAM              0x0000000020000000 0x0000000000010000 xrw
FLASH            0x0000000008000000 0x0000000000040000 xr
*default*        0x0000000000000000 0xffffffffffffffff

Linker script and memory map

LOAD c:/st/stm32cubeide_1.1.0/stm32cubeide/plugins/com.st.stm32cube.ide.mcu.externaltools.gnu-tools-for-stm32.7-2018-q2-update.win32_1.0.0.201904181610/tools/bin/../lib/gcc/arm-none-eabi/7.3.1/thumb/v7e-m/fpv4-sp/hard/crti.o
LOAD c:/st/stm32cubeide_1.1.0/stm32cubeide/plugins/com.st.stm32cube.ide.mcu.externaltools.gnu-tools-for-stm32.7-2018-q2-update.win32_1.0.0.201904181610/tools/bin/../lib/gcc/arm-none-eabi/7.3.1/thumb/v7e-m/fpv4-sp/hard/crtbegin.o
LOAD c:/st/stm32cubeide_1.1.0/stm32cubeide/plugins/com.st.stm32cube.ide.mcu.externaltools.gnu-tools-for-stm32.7-2018-q2-update.win32_1.0.0.201904181610/tools/bin/../lib/gcc/arm-none-eabi/7.3.1/../../../../arm-none-eabi/lib/thumb/v7e-m/fpv4-sp/hard/crt0.o
LOAD Drivers/STM32L4xx_HAL_Driver/Src/stm32l4xx_hal.o
LOAD Drivers/STM32L4xx_HAL_Driver/Src/stm32l4xx_hal_cortex.o
LOAD Drivers/STM32L4xx_HAL_Driver/Src/stm32l4xx_hal_dma.o
LOAD Drivers/STM32L4xx_HAL_Driver/Src/stm32l4xx_hal_dma_ex.o
LOAD Drivers/STM32L4xx_HAL_Driver/Src/stm32l4xx_hal_exti.o
LOAD Drivers/STM32L4xx_HAL_Driver/Src/stm32l4xx_hal_flash.o
LOAD Drivers/STM32L4xx_HAL_Driver/Src/stm32l4xx_hal_flash_ex.o
LOAD Drivers/STM32L4xx_HAL_Driver/Src/stm32l4xx_hal_flash_ramfunc.o
LOAD Drivers/STM32L4xx_HAL_Driver/Src/stm32l4xx_hal_gpio.o
LOAD Drivers/STM32L4xx_HAL_Driver/Src/stm32l4xx_hal_i2c.o
LOAD Drivers/STM32L4xx_HAL_Driver/Src/stm32l4xx_hal_i2c_ex.o
LOAD Drivers/STM32L4xx_HAL_Driver/Src/stm32l4xx_hal_pwr.o
LOAD Drivers/STM32L4xx_HAL_Driver/Src/stm32l4xx_hal_pwr_ex.o
LOAD Drivers/STM32L4xx_HAL_Driver/Src/stm32l4xx_hal_rcc.o
LOAD Drivers/STM32L4xx_HAL_Driver/Src/stm32l4xx_hal_rcc_ex.o
LOAD Drivers/STM32L4xx_HAL_Driver/Src/stm32l4xx_hal_tim.o
LOAD Drivers/STM32L4xx_HAL_Driver/Src/stm32l4xx_hal_tim_ex.o
LOAD Src/gpio.o
LOAD Src/main.o
LOAD Src/stm32l4xx_hal_msp.o
LOAD Src/stm32l4xx_it.o
LOAD Src/sys.o
LOAD Src/syscalls.o
LOAD Src/sysmem.o
LOAD Src/system_stm32l4xx.o
LOAD Src/tim.o
LOAD Startup/startup_stm32l431cctx.o
START GROUP
LOAD c:/st/stm32cubeide_1.1.0/stm32cubeide/plugins/com.st.stm32cube.ide.mcu.externaltools.gnu-tools-for-stm32.7-2018-q2-update.win32_1.0.0.201904181610/tools/bin/../lib/gcc/arm-none-eabi/7.3.1/../../../../arm-none-eabi/lib/thumb/v7e-m/fpv4-sp/hard\libc_nano.a
LOAD c:/st/stm32cubeide_1.1.0/stm32cubeide/plugins/com.st.stm32cube.ide.mcu.externaltools.gnu-tools-for-stm32.7-2018-q2-update.win32_1.0.0.201904181610/tools/bin/../lib/gcc/arm-none-eabi/7.3.1/../../../../arm-none-eabi/lib/thumb/v7e-m/fpv4-sp/hard\libm.a
END GROUP
START GROUP
LOAD c:/st/stm32cubeide_1.1.0/stm32cubeide/plugins/com.st.stm32cube.ide.mcu.externaltools.gnu-tools-for-stm32.7-2018-q2-update.win32_1.0.0.201904181610/tools/bin/../lib/gcc/arm-none-eabi/7.3.1/thumb/v7e-m/fpv4-sp/hard\libgcc.a
LOAD c:/st/stm32cubeide_1.1.0/stm32cubeide/plugins/com.st.stm32cube.ide.mcu.externaltools.gnu-tools-for-stm32.7-2018-q2-update.win32_1.0.0.201904181610/tools/bin/../lib/gcc/arm-none-eabi/7.3.1/../../../../arm-none-eabi/lib/thumb/v7e-m/fpv4-sp/hard\libc_nano.a
END GROUP
START GROUP
LOAD c:/st/stm32cubeide_1.1.0/stm32cubeide/plugins/com.st.stm32cube.ide.mcu.externaltools.gnu-tools-for-stm32.7-2018-q2-update.win32_1.0.0.201904181610/tools/bin/../lib/gcc/arm-none-eabi/7.3.1/thumb/v7e-m/fpv4-sp/hard\libgcc.a
LOAD c:/st/stm32cubeide_1.1.0/stm32cubeide/plugins/com.st.stm32cube.ide.mcu.externaltools.gnu-tools-for-stm32.7-2018-q2-update.win32_1.0.0.201904181610/tools/bin/../lib/gcc/arm-none-eabi/7.3.1/../../../../arm-none-eabi/lib/thumb/v7e-m/fpv4-sp/hard\libc_nano.a
LOAD c:/st/stm32cubeide_1.1.0/stm32cubeide/plugins/com.st.stm32cube.ide.mcu.externaltools.gnu-tools-for-stm32.7-2018-q2-update.win32_1.0.0.201904181610/tools/bin/../lib/gcc/arm-none-eabi/7.3.1/../../../../arm-none-eabi/lib/thumb/v7e-m/fpv4-sp/hard\libnosys.a
END GROUP
START GROUP
LOAD c:/st/stm32cubeide_1.1.0/stm32cubeide/plugins/com.st.stm32cube.ide.mcu.externaltools.gnu-tools-for-stm32.7-2018-q2-update.win32_1.0.0.201904181610/tools/bin/../lib/gcc/arm-none-eabi/7.3.1/thumb/v7e-m/fpv4-sp/hard\libgcc.a
LOAD c:/st/stm32cubeide_1.1.0/stm32cubeide/plugins/com.st.stm32cube.ide.mcu.externaltools.gnu-tools-for-stm32.7-2018-q2-update.win32_1.0.0.201904181610/tools/bin/../lib/gcc/arm-none-eabi/7.3.1/../../../../arm-none-eabi/lib/thumb/v7e-m/fpv4-sp/hard\libc_nano.a
LOAD c:/st/stm32cubeide_1.1.0/stm32cubeide/plugins/com.st.stm32cube.ide.mcu.externaltools.gnu-tools-for-stm32.7-2018-q2-update.win32_1.0.0.201904181610/tools/bin/../lib/gcc/arm-none-eabi/7.3.1/../../../../arm-none-eabi/lib/thumb/v7e-m/fpv4-sp/hard\libnosys.a
END GROUP
LOAD c:/st/stm32cubeide_1.1.0/stm32cubeide/plugins/com.st.stm32cube.ide.mcu.externaltools.gnu-tools-for-stm32.7-2018-q2-update.win32_1.0.0.201904181610/tools/bin/../lib/gcc/arm-none-eabi/7.3.1/thumb/v7e-m/fpv4-sp/hard/crtend.o
LOAD c:/st/stm32cubeide_1.1.0/stm32cubeide/plugins/com.st.stm32cube.ide.mcu.externaltools.gnu-tools-for-stm32.7-2018-q2-update.win32_1.0.0.201904181610/tools/bin/../lib/gcc/arm-none-eabi/7.3.1/thumb/v7e-m/fpv4-sp/hard/crtn.o
                0x0000000020010000                _estack = (ORIGIN (RAM) + LENGTH (RAM))
                0x0000000000000200                _Min_Heap_Size = 0x200
                0x0000000000000400                _Min_Stack_Size = 0x400

.isr_vector     0x0000000008000000      0x18c
                0x0000000008000000                . = ALIGN (0x4)
 *(.isr_vector)
 .isr_vector    0x0000000008000000      0x18c Startup/startup_stm32l431cctx.o
                0x0000000008000000                g_pfnVectors
                0x000000000800018c                . = ALIGN (0x4)

.text           0x000000000800018c     0x1eb8
                0x000000000800018c                . = ALIGN (0x4)
 *(.text)
 .text          0x000000000800018c       0x40 c:/st/stm32cubeide_1.1.0/stm32cubeide/plugins/com.st.stm32cube.ide.mcu.externaltools.gnu-tools-for-stm32.7-2018-q2-update.win32_1.0.0.201904181610/tools/bin/../lib/gcc/arm-none-eabi/7.3.1/thumb/v7e-m/fpv4-sp/hard/crtbegin.o
 *(.text*)
 .text.HAL_Init
                0x00000000080001cc       0x30 Drivers/STM32L4xx_HAL_Driver/Src/stm32l4xx_hal.o
                0x00000000080001cc                HAL_Init
 .text.HAL_InitTick
                0x00000000080001fc       0x74 Drivers/STM32L4xx_HAL_Driver/Src/stm32l4xx_hal.o
                0x00000000080001fc                HAL_InitTick
 .text.HAL_IncTick
                0x0000000008000270       0x24 Drivers/STM32L4xx_HAL_Driver/Src/stm32l4xx_hal.o
                0x0000000008000270                HAL_IncTick
 .text.HAL_GetTick
                0x0000000008000294       0x18 Drivers/STM32L4xx_HAL_Driver/Src/stm32l4xx_hal.o
                0x0000000008000294                HAL_GetTick
 .text.__NVIC_SetPriorityGrouping
                0x00000000080002ac       0x48 Drivers/STM32L4xx_HAL_Driver/Src/stm32l4xx_hal_cortex.o
 .text.__NVIC_GetPriorityGrouping
                0x00000000080002f4       0x1c Drivers/STM32L4xx_HAL_Driver/Src/stm32l4xx_hal_cortex.o
 .text.__NVIC_EnableIRQ
                0x0000000008000310       0x3c Drivers/STM32L4xx_HAL_Driver/Src/stm32l4xx_hal_cortex.o
 .text.__NVIC_SetPriority
                0x000000000800034c       0x54 Drivers/STM32L4xx_HAL_Driver/Src/stm32l4xx_hal_cortex.o
 .text.NVIC_EncodePriority
                0x00000000080003a0       0x66 Drivers/STM32L4xx_HAL_Driver/Src/stm32l4xx_hal_cortex.o
 *fill*         0x0000000008000406        0x2 
 .text.SysTick_Config
                0x0000000008000408       0x44 Drivers/STM32L4xx_HAL_Driver/Src/stm32l4xx_hal_cortex.o
 .text.HAL_NVIC_SetPriorityGrouping
                0x000000000800044c       0x16 Drivers/STM32L4xx_HAL_Driver/Src/stm32l4xx_hal_cortex.o
                0x000000000800044c                HAL_NVIC_SetPriorityGrouping
 .text.HAL_NVIC_SetPriority
                0x0000000008000462       0x38 Drivers/STM32L4xx_HAL_Driver/Src/stm32l4xx_hal_cortex.o
                0x0000000008000462                HAL_NVIC_SetPriority
 .text.HAL_NVIC_EnableIRQ
                0x000000000800049a       0x1c Drivers/STM32L4xx_HAL_Driver/Src/stm32l4xx_hal_cortex.o
                0x000000000800049a                HAL_NVIC_EnableIRQ
 .text.HAL_SYSTICK_Config
                0x00000000080004b6       0x18 Drivers/STM32L4xx_HAL_Driver/Src/stm32l4xx_hal_cortex.o
                0x00000000080004b6                HAL_SYSTICK_Config
 *fill*         0x00000000080004ce        0x2 
 .text.HAL_GPIO_Init
                0x00000000080004d0      0x2f4 Drivers/STM32L4xx_HAL_Driver/Src/stm32l4xx_hal_gpio.o
                0x00000000080004d0                HAL_GPIO_Init
 .text.HAL_GPIO_WritePin
                0x00000000080007c4       0x30 Drivers/STM32L4xx_HAL_Driver/Src/stm32l4xx_hal_gpio.o
                0x00000000080007c4                HAL_GPIO_WritePin
 .text.HAL_GPIO_TogglePin
                0x00000000080007f4       0x32 Drivers/STM32L4xx_HAL_Driver/Src/stm32l4xx_hal_gpio.o
                0x00000000080007f4                HAL_GPIO_TogglePin
 *fill*         0x0000000008000826        0x2 
 .text.HAL_PWREx_GetVoltageRange
                0x0000000008000828       0x1c Drivers/STM32L4xx_HAL_Driver/Src/stm32l4xx_hal_pwr_ex.o
                0x0000000008000828                HAL_PWREx_GetVoltageRange
 .text.HAL_PWREx_ControlVoltageScaling
                0x0000000008000844       0xac Drivers/STM32L4xx_HAL_Driver/Src/stm32l4xx_hal_pwr_ex.o
                0x0000000008000844                HAL_PWREx_ControlVoltageScaling
 .text.HAL_RCC_OscConfig
                0x00000000080008f0      0x7dc Drivers/STM32L4xx_HAL_Driver/Src/stm32l4xx_hal_rcc.o
                0x00000000080008f0                HAL_RCC_OscConfig
 .text.HAL_RCC_ClockConfig
                0x00000000080010cc      0x1c4 Drivers/STM32L4xx_HAL_Driver/Src/stm32l4xx_hal_rcc.o
                0x00000000080010cc                HAL_RCC_ClockConfig
 .text.HAL_RCC_GetSysClockFreq
                0x0000000008001290      0x114 Drivers/STM32L4xx_HAL_Driver/Src/stm32l4xx_hal_rcc.o
                0x0000000008001290                HAL_RCC_GetSysClockFreq
 .text.RCC_SetFlashLatencyFromMSIRange
                0x00000000080013a4       0xc0 Drivers/STM32L4xx_HAL_Driver/Src/stm32l4xx_hal_rcc.o
 .text.HAL_TIM_Base_Init
                0x0000000008001464       0x56 Drivers/STM32L4xx_HAL_Driver/Src/stm32l4xx_hal_tim.o
                0x0000000008001464                HAL_TIM_Base_Init
 *fill*         0x00000000080014ba        0x2 
 .text.HAL_TIM_Base_Start_IT
                0x00000000080014bc       0x54 Drivers/STM32L4xx_HAL_Driver/Src/stm32l4xx_hal_tim.o
                0x00000000080014bc                HAL_TIM_Base_Start_IT
 .text.HAL_TIM_IRQHandler
                0x0000000008001510      0x23e Drivers/STM32L4xx_HAL_Driver/Src/stm32l4xx_hal_tim.o
                0x0000000008001510                HAL_TIM_IRQHandler
 .text.HAL_TIM_ConfigClockSource
                0x000000000800174e      0x172 Drivers/STM32L4xx_HAL_Driver/Src/stm32l4xx_hal_tim.o
                0x000000000800174e                HAL_TIM_ConfigClockSource
 .text.HAL_TIM_PeriodElapsedCallback
                0x00000000080018c0       0x14 Drivers/STM32L4xx_HAL_Driver/Src/stm32l4xx_hal_tim.o
                0x00000000080018c0                HAL_TIM_PeriodElapsedCallback
 .text.HAL_TIM_OC_DelayElapsedCallback
                0x00000000080018d4       0x14 Drivers/STM32L4xx_HAL_Driver/Src/stm32l4xx_hal_tim.o
                0x00000000080018d4                HAL_TIM_OC_DelayElapsedCallback
 .text.HAL_TIM_IC_CaptureCallback
                0x00000000080018e8       0x14 Drivers/STM32L4xx_HAL_Driver/Src/stm32l4xx_hal_tim.o
                0x00000000080018e8                HAL_TIM_IC_CaptureCallback
 .text.HAL_TIM_PWM_PulseFinishedCallback
                0x00000000080018fc       0x14 Drivers/STM32L4xx_HAL_Driver/Src/stm32l4xx_hal_tim.o
                0x00000000080018fc                HAL_TIM_PWM_PulseFinishedCallback
 .text.HAL_TIM_TriggerCallback
                0x0000000008001910       0x14 Drivers/STM32L4xx_HAL_Driver/Src/stm32l4xx_hal_tim.o
                0x0000000008001910                HAL_TIM_TriggerCallback
 .text.TIM_Base_SetConfig
                0x0000000008001924       0xc8 Drivers/STM32L4xx_HAL_Driver/Src/stm32l4xx_hal_tim.o
                0x0000000008001924                TIM_Base_SetConfig
 .text.TIM_TI1_ConfigInputStage
                0x00000000080019ec       0x5e Drivers/STM32L4xx_HAL_Driver/Src/stm32l4xx_hal_tim.o
 .text.TIM_TI2_ConfigInputStage
                0x0000000008001a4a       0x60 Drivers/STM32L4xx_HAL_Driver/Src/stm32l4xx_hal_tim.o
 .text.TIM_ITRx_SetConfig
                0x0000000008001aaa       0x36 Drivers/STM32L4xx_HAL_Driver/Src/stm32l4xx_hal_tim.o
 .text.TIM_ETR_SetConfig
                0x0000000008001ae0       0x40 Drivers/STM32L4xx_HAL_Driver/Src/stm32l4xx_hal_tim.o
                0x0000000008001ae0                TIM_ETR_SetConfig
 .text.HAL_TIMEx_MasterConfigSynchronization
                0x0000000008001b20       0xac Drivers/STM32L4xx_HAL_Driver/Src/stm32l4xx_hal_tim_ex.o
                0x0000000008001b20                HAL_TIMEx_MasterConfigSynchronization
 .text.HAL_TIMEx_CommutCallback
                0x0000000008001bcc       0x14 Drivers/STM32L4xx_HAL_Driver/Src/stm32l4xx_hal_tim_ex.o
                0x0000000008001bcc                HAL_TIMEx_CommutCallback
 .text.HAL_TIMEx_BreakCallback
                0x0000000008001be0       0x14 Drivers/STM32L4xx_HAL_Driver/Src/stm32l4xx_hal_tim_ex.o
                0x0000000008001be0                HAL_TIMEx_BreakCallback
 .text.HAL_TIMEx_Break2Callback
                0x0000000008001bf4       0x14 Drivers/STM32L4xx_HAL_Driver/Src/stm32l4xx_hal_tim_ex.o
                0x0000000008001bf4                HAL_TIMEx_Break2Callback
 .text.MX_GPIO_Init
                0x0000000008001c08       0x94 Src/gpio.o
                0x0000000008001c08                MX_GPIO_Init
 .text.main     0x0000000008001c9c       0x16 Src/main.o
                0x0000000008001c9c                main
 .text.SystemClock_Config
                0x0000000008001cb2       0x9e Src/main.o
                0x0000000008001cb2                SystemClock_Config
 .text.Error_Handler
                0x0000000008001d50        0xe Src/main.o
                0x0000000008001d50                Error_Handler
 *fill*         0x0000000008001d5e        0x2 
 .text.HAL_MspInit
                0x0000000008001d60       0x48 Src/stm32l4xx_hal_msp.o
                0x0000000008001d60                HAL_MspInit
 .text.NMI_Handler
                0x0000000008001da8        0xe Src/stm32l4xx_it.o
                0x0000000008001da8                NMI_Handler
 .text.HardFault_Handler
                0x0000000008001db6        0x6 Src/stm32l4xx_it.o
                0x0000000008001db6                HardFault_Handler
 .text.MemManage_Handler
                0x0000000008001dbc        0x6 Src/stm32l4xx_it.o
                0x0000000008001dbc                MemManage_Handler
 .text.BusFault_Handler
                0x0000000008001dc2        0x6 Src/stm32l4xx_it.o
                0x0000000008001dc2                BusFault_Handler
 .text.UsageFault_Handler
                0x0000000008001dc8        0x6 Src/stm32l4xx_it.o
                0x0000000008001dc8                UsageFault_Handler
 .text.SVC_Handler
                0x0000000008001dce        0xe Src/stm32l4xx_it.o
                0x0000000008001dce                SVC_Handler
 .text.DebugMon_Handler
                0x0000000008001ddc        0xe Src/stm32l4xx_it.o
                0x0000000008001ddc                DebugMon_Handler
 .text.PendSV_Handler
                0x0000000008001dea        0xe Src/stm32l4xx_it.o
                0x0000000008001dea                PendSV_Handler
 .text.SysTick_Handler
                0x0000000008001df8        0xc Src/stm32l4xx_it.o
                0x0000000008001df8                SysTick_Handler
 .text.TIM2_IRQHandler
                0x0000000008001e04       0x1c Src/stm32l4xx_it.o
                0x0000000008001e04                TIM2_IRQHandler
 .text.SystemInit
                0x0000000008001e20       0x6c Src/system_stm32l4xx.o
                0x0000000008001e20                SystemInit
 .text.MX_TIM2_Init
                0x0000000008001e8c       0xac Src/tim.o
                0x0000000008001e8c                MX_TIM2_Init
 .text.HAL_TIM_Base_MspInit
                0x0000000008001f38       0x48 Src/tim.o
                0x0000000008001f38                HAL_TIM_Base_MspInit
 .text.Reset_Handler
                0x0000000008001f80       0x50 Startup/startup_stm32l431cctx.o
                0x0000000008001f80                Reset_Handler
 .text.Default_Handler
                0x0000000008001fd0        0x2 Startup/startup_stm32l431cctx.o
                0x0000000008001fd0                RTC_Alarm_IRQHandler
                0x0000000008001fd0                EXTI2_IRQHandler
                0x0000000008001fd0                TIM1_CC_IRQHandler
                0x0000000008001fd0                TSC_IRQHandler
                0x0000000008001fd0                TAMP_STAMP_IRQHandler
                0x0000000008001fd0                EXTI3_IRQHandler
                0x0000000008001fd0                LPTIM2_IRQHandler
                0x0000000008001fd0                I2C3_ER_IRQHandler
                0x0000000008001fd0                EXTI0_IRQHandler
                0x0000000008001fd0                I2C2_EV_IRQHandler
                0x0000000008001fd0                CAN1_RX0_IRQHandler
                0x0000000008001fd0                FPU_IRQHandler
                0x0000000008001fd0                TIM1_UP_TIM16_IRQHandler
                0x0000000008001fd0                SPI1_IRQHandler
                0x0000000008001fd0                TIM6_DAC_IRQHandler
                0x0000000008001fd0                DMA2_Channel2_IRQHandler
                0x0000000008001fd0                DMA1_Channel4_IRQHandler
                0x0000000008001fd0                ADC1_IRQHandler
                0x0000000008001fd0                USART3_IRQHandler
                0x0000000008001fd0                DMA1_Channel7_IRQHandler
                0x0000000008001fd0                CAN1_RX1_IRQHandler
                0x0000000008001fd0                DMA2_Channel1_IRQHandler
                0x0000000008001fd0                QUADSPI_IRQHandler
                0x0000000008001fd0                I2C1_EV_IRQHandler
                0x0000000008001fd0                DMA1_Channel6_IRQHandler
                0x0000000008001fd0                DMA2_Channel4_IRQHandler
                0x0000000008001fd0                RCC_IRQHandler
                0x0000000008001fd0                TIM1_TRG_COM_IRQHandler
                0x0000000008001fd0                DMA1_Channel1_IRQHandler
                0x0000000008001fd0                Default_Handler
                0x0000000008001fd0                DMA2_Channel7_IRQHandler
                0x0000000008001fd0                EXTI15_10_IRQHandler
                0x0000000008001fd0                TIM7_IRQHandler
                0x0000000008001fd0                SDMMC1_IRQHandler
                0x0000000008001fd0                I2C3_EV_IRQHandler
                0x0000000008001fd0                EXTI9_5_IRQHandler
                0x0000000008001fd0                RTC_WKUP_IRQHandler
                0x0000000008001fd0                PVD_PVM_IRQHandler
                0x0000000008001fd0                SPI2_IRQHandler
                0x0000000008001fd0                CAN1_TX_IRQHandler
                0x0000000008001fd0                DMA2_Channel5_IRQHandler
                0x0000000008001fd0                CRS_IRQHandler
                0x0000000008001fd0                DMA1_Channel5_IRQHandler
                0x0000000008001fd0                EXTI4_IRQHandler
                0x0000000008001fd0                RNG_IRQHandler
                0x0000000008001fd0                DMA1_Channel3_IRQHandler
                0x0000000008001fd0                COMP_IRQHandler
                0x0000000008001fd0                WWDG_IRQHandler
                0x0000000008001fd0                LPUART1_IRQHandler
                0x0000000008001fd0                DMA2_Channel6_IRQHandler
                0x0000000008001fd0                EXTI1_IRQHandler
                0x0000000008001fd0                USART2_IRQHandler
                0x0000000008001fd0                I2C2_ER_IRQHandler
                0x0000000008001fd0                DMA1_Channel2_IRQHandler
                0x0000000008001fd0                CAN1_SCE_IRQHandler
                0x0000000008001fd0                FLASH_IRQHandler
                0x0000000008001fd0                USART1_IRQHandler
                0x0000000008001fd0                SPI3_IRQHandler
                0x0000000008001fd0                I2C1_ER_IRQHandler
                0x0000000008001fd0                SWPMI1_IRQHandler
                0x0000000008001fd0                LPTIM1_IRQHandler
                0x0000000008001fd0                SAI1_IRQHandler
                0x0000000008001fd0                DMA2_Channel3_IRQHandler
                0x0000000008001fd0                TIM1_BRK_TIM15_IRQHandler
 *fill*         0x0000000008001fd2        0x2 
 .text.__libc_init_array
                0x0000000008001fd4       0x48 c:/st/stm32cubeide_1.1.0/stm32cubeide/plugins/com.st.stm32cube.ide.mcu.externaltools.gnu-tools-for-stm32.7-2018-q2-update.win32_1.0.0.201904181610/tools/bin/../lib/gcc/arm-none-eabi/7.3.1/../../../../arm-none-eabi/lib/thumb/v7e-m/fpv4-sp/hard\libc_nano.a(lib_a-init.o)
                0x0000000008001fd4                __libc_init_array
 .text.memset   0x000000000800201c       0x10 c:/st/stm32cubeide_1.1.0/stm32cubeide/plugins/com.st.stm32cube.ide.mcu.externaltools.gnu-tools-for-stm32.7-2018-q2-update.win32_1.0.0.201904181610/tools/bin/../lib/gcc/arm-none-eabi/7.3.1/../../../../arm-none-eabi/lib/thumb/v7e-m/fpv4-sp/hard\libc_nano.a(lib_a-memset.o)
                0x000000000800201c                memset
 *(.glue_7)
 .glue_7        0x000000000800202c        0x0 linker stubs
 *(.glue_7t)
 .glue_7t       0x000000000800202c        0x0 linker stubs
 *(.eh_frame)
 .eh_frame      0x000000000800202c        0x0 c:/st/stm32cubeide_1.1.0/stm32cubeide/plugins/com.st.stm32cube.ide.mcu.externaltools.gnu-tools-for-stm32.7-2018-q2-update.win32_1.0.0.201904181610/tools/bin/../lib/gcc/arm-none-eabi/7.3.1/thumb/v7e-m/fpv4-sp/hard/crtbegin.o
 *(.init)
 .init          0x000000000800202c        0x4 c:/st/stm32cubeide_1.1.0/stm32cubeide/plugins/com.st.stm32cube.ide.mcu.externaltools.gnu-tools-for-stm32.7-2018-q2-update.win32_1.0.0.201904181610/tools/bin/../lib/gcc/arm-none-eabi/7.3.1/thumb/v7e-m/fpv4-sp/hard/crti.o
                0x000000000800202c                _init
 .init          0x0000000008002030        0x8 c:/st/stm32cubeide_1.1.0/stm32cubeide/plugins/com.st.stm32cube.ide.mcu.externaltools.gnu-tools-for-stm32.7-2018-q2-update.win32_1.0.0.201904181610/tools/bin/../lib/gcc/arm-none-eabi/7.3.1/thumb/v7e-m/fpv4-sp/hard/crtn.o
 *(.fini)
 .fini          0x0000000008002038        0x4 c:/st/stm32cubeide_1.1.0/stm32cubeide/plugins/com.st.stm32cube.ide.mcu.externaltools.gnu-tools-for-stm32.7-2018-q2-update.win32_1.0.0.201904181610/tools/bin/../lib/gcc/arm-none-eabi/7.3.1/thumb/v7e-m/fpv4-sp/hard/crti.o
                0x0000000008002038                _fini
 .fini          0x000000000800203c        0x8 c:/st/stm32cubeide_1.1.0/stm32cubeide/plugins/com.st.stm32cube.ide.mcu.externaltools.gnu-tools-for-stm32.7-2018-q2-update.win32_1.0.0.201904181610/tools/bin/../lib/gcc/arm-none-eabi/7.3.1/thumb/v7e-m/fpv4-sp/hard/crtn.o
                0x0000000008002044                . = ALIGN (0x4)
                0x0000000008002044                _etext = .

.vfp11_veneer   0x0000000008002044        0x0
 .vfp11_veneer  0x0000000008002044        0x0 linker stubs

.v4_bx          0x0000000008002044        0x0
 .v4_bx         0x0000000008002044        0x0 linker stubs

.iplt           0x0000000008002044        0x0
 .iplt          0x0000000008002044        0x0 c:/st/stm32cubeide_1.1.0/stm32cubeide/plugins/com.st.stm32cube.ide.mcu.externaltools.gnu-tools-for-stm32.7-2018-q2-update.win32_1.0.0.201904181610/tools/bin/../lib/gcc/arm-none-eabi/7.3.1/thumb/v7e-m/fpv4-sp/hard/crtbegin.o

.rodata         0x0000000008002044       0x40
                0x0000000008002044                . = ALIGN (0x4)
 *(.rodata)
 *(.rodata*)
 .rodata.AHBPrescTable
                0x0000000008002044       0x10 Src/system_stm32l4xx.o
                0x0000000008002044                AHBPrescTable
 .rodata.MSIRangeTable
                0x0000000008002054       0x30 Src/system_stm32l4xx.o
                0x0000000008002054                MSIRangeTable
                0x0000000008002084                . = ALIGN (0x4)

.rel.dyn        0x0000000008002084        0x0
 .rel.iplt      0x0000000008002084        0x0 c:/st/stm32cubeide_1.1.0/stm32cubeide/plugins/com.st.stm32cube.ide.mcu.externaltools.gnu-tools-for-stm32.7-2018-q2-update.win32_1.0.0.201904181610/tools/bin/../lib/gcc/arm-none-eabi/7.3.1/thumb/v7e-m/fpv4-sp/hard/crtbegin.o

.ARM.extab      0x0000000008002084        0x0
                0x0000000008002084                . = ALIGN (0x4)
 *(.ARM.extab* .gnu.linkonce.armextab.*)
                0x0000000008002084                . = ALIGN (0x4)

.ARM            0x0000000008002084        0x0
                0x0000000008002084                . = ALIGN (0x4)
                0x0000000008002084                __exidx_start = .
 *(.ARM.exidx*)
                0x0000000008002084                __exidx_end = .
                0x0000000008002084                . = ALIGN (0x4)

.preinit_array  0x0000000008002084        0x0
                0x0000000008002084                . = ALIGN (0x4)
                0x0000000008002084                PROVIDE (__preinit_array_start = .)
 *(.preinit_array*)
                0x0000000008002084                PROVIDE (__preinit_array_end = .)
                0x0000000008002084                . = ALIGN (0x4)

.init_array     0x0000000008002084        0x4
                0x0000000008002084                . = ALIGN (0x4)
                0x0000000008002084                PROVIDE (__init_array_start = .)
 *(SORT_BY_NAME(.init_array.*))
 *(.init_array*)
 .init_array    0x0000000008002084        0x4 c:/st/stm32cubeide_1.1.0/stm32cubeide/plugins/com.st.stm32cube.ide.mcu.externaltools.gnu-tools-for-stm32.7-2018-q2-update.win32_1.0.0.201904181610/tools/bin/../lib/gcc/arm-none-eabi/7.3.1/thumb/v7e-m/fpv4-sp/hard/crtbegin.o
                0x0000000008002088                PROVIDE (__init_array_end = .)
                0x0000000008002088                . = ALIGN (0x4)

.fini_array     0x0000000008002088        0x4
                0x0000000008002088                . = ALIGN (0x4)
                [!provide]                        PROVIDE (__fini_array_start = .)
 *(SORT_BY_NAME(.fini_array.*))
 *(.fini_array*)
 .fini_array    0x0000000008002088        0x4 c:/st/stm32cubeide_1.1.0/stm32cubeide/plugins/com.st.stm32cube.ide.mcu.externaltools.gnu-tools-for-stm32.7-2018-q2-update.win32_1.0.0.201904181610/tools/bin/../lib/gcc/arm-none-eabi/7.3.1/thumb/v7e-m/fpv4-sp/hard/crtbegin.o
                [!provide]                        PROVIDE (__fini_array_end = .)
                0x000000000800208c                . = ALIGN (0x4)
                0x000000000800208c                _sidata = LOADADDR (.data)

.data           0x0000000020000000        0xc load address 0x000000000800208c
                0x0000000020000000                . = ALIGN (0x4)
                0x0000000020000000                _sdata = .
 *(.data)
 *(.data*)
 .data.uwTickPrio
                0x0000000020000000        0x4 Drivers/STM32L4xx_HAL_Driver/Src/stm32l4xx_hal.o
                0x0000000020000000                uwTickPrio
 .data.uwTickFreq
                0x0000000020000004        0x4 Drivers/STM32L4xx_HAL_Driver/Src/stm32l4xx_hal.o
                0x0000000020000004                uwTickFreq
 .data.SystemCoreClock
                0x0000000020000008        0x4 Src/system_stm32l4xx.o
                0x0000000020000008                SystemCoreClock
                0x000000002000000c                . = ALIGN (0x4)
                0x000000002000000c                _edata = .

.igot.plt       0x000000002000000c        0x0 load address 0x0000000008002098
 .igot.plt      0x000000002000000c        0x0 c:/st/stm32cubeide_1.1.0/stm32cubeide/plugins/com.st.stm32cube.ide.mcu.externaltools.gnu-tools-for-stm32.7-2018-q2-update.win32_1.0.0.201904181610/tools/bin/../lib/gcc/arm-none-eabi/7.3.1/thumb/v7e-m/fpv4-sp/hard/crtbegin.o
                0x000000002000000c                . = ALIGN (0x4)

.bss            0x000000002000000c       0x60 load address 0x0000000008002098
                0x000000002000000c                _sbss = .
                0x000000002000000c                __bss_start__ = _sbss
 *(.bss)
 .bss           0x000000002000000c       0x1c c:/st/stm32cubeide_1.1.0/stm32cubeide/plugins/com.st.stm32cube.ide.mcu.externaltools.gnu-tools-for-stm32.7-2018-q2-update.win32_1.0.0.201904181610/tools/bin/../lib/gcc/arm-none-eabi/7.3.1/thumb/v7e-m/fpv4-sp/hard/crtbegin.o
 *(.bss*)
 *(COMMON)
 COMMON         0x0000000020000028        0x4 Drivers/STM32L4xx_HAL_Driver/Src/stm32l4xx_hal.o
                0x0000000020000028                uwTick
 COMMON         0x000000002000002c       0x40 Src/tim.o
                0x000000002000002c                htim2
                0x000000002000006c                . = ALIGN (0x4)
                0x000000002000006c                _ebss = .
                0x000000002000006c                __bss_end__ = _ebss

._user_heap_stack
                0x000000002000006c      0x604 load address 0x0000000008002098
                0x0000000020000070                . = ALIGN (0x8)
 *fill*         0x000000002000006c        0x4 
                0x0000000020000070                PROVIDE (end = .)
                [!provide]                        PROVIDE (_end = .)
                0x0000000020000270                . = (. + _Min_Heap_Size)
 *fill*         0x0000000020000070      0x200 
                0x0000000020000670                . = (. + _Min_Stack_Size)
 *fill*         0x0000000020000270      0x400 
                0x0000000020000670                . = ALIGN (0x8)

/DISCARD/
 libc.a(*)
 libm.a(*)
 libgcc.a(*)

.ARM.attributes
                0x0000000000000000       0x30
 *(.ARM.attributes)
 .ARM.attributes
                0x0000000000000000       0x22 c:/st/stm32cubeide_1.1.0/stm32cubeide/plugins/com.st.stm32cube.ide.mcu.externaltools.gnu-tools-for-stm32.7-2018-q2-update.win32_1.0.0.201904181610/tools/bin/../lib/gcc/arm-none-eabi/7.3.1/thumb/v7e-m/fpv4-sp/hard/crti.o
 .ARM.attributes
                0x0000000000000022       0x34 c:/st/stm32cubeide_1.1.0/stm32cubeide/plugins/com.st.stm32cube.ide.mcu.externaltools.gnu-tools-for-stm32.7-2018-q2-update.win32_1.0.0.201904181610/tools/bin/../lib/gcc/arm-none-eabi/7.3.1/thumb/v7e-m/fpv4-sp/hard/crtbegin.o
 .ARM.attributes
                0x0000000000000056       0x39 Drivers/STM32L4xx_HAL_Driver/Src/stm32l4xx_hal.o
 .ARM.attributes
                0x000000000000008f       0x39 Drivers/STM32L4xx_HAL_Driver/Src/stm32l4xx_hal_cortex.o
 .ARM.attributes
                0x00000000000000c8       0x39 Drivers/STM32L4xx_HAL_Driver/Src/stm32l4xx_hal_gpio.o
 .ARM.attributes
                0x0000000000000101       0x39 Drivers/STM32L4xx_HAL_Driver/Src/stm32l4xx_hal_pwr_ex.o
 .ARM.attributes
                0x000000000000013a       0x39 Drivers/STM32L4xx_HAL_Driver/Src/stm32l4xx_hal_rcc.o
 .ARM.attributes
                0x0000000000000173       0x39 Drivers/STM32L4xx_HAL_Driver/Src/stm32l4xx_hal_tim.o
 .ARM.attributes
                0x00000000000001ac       0x39 Drivers/STM32L4xx_HAL_Driver/Src/stm32l4xx_hal_tim_ex.o
 .ARM.attributes
                0x00000000000001e5       0x39 Src/gpio.o
 .ARM.attributes
                0x000000000000021e       0x39 Src/main.o
 .ARM.attributes
                0x0000000000000257       0x39 Src/stm32l4xx_hal_msp.o
 .ARM.attributes
                0x0000000000000290       0x39 Src/stm32l4xx_it.o
 .ARM.attributes
                0x00000000000002c9       0x39 Src/system_stm32l4xx.o
 .ARM.attributes
                0x0000000000000302       0x39 Src/tim.o
 .ARM.attributes
                0x000000000000033b       0x21 Startup/startup_stm32l431cctx.o
 .ARM.attributes
                0x000000000000035c       0x34 c:/st/stm32cubeide_1.1.0/stm32cubeide/plugins/com.st.stm32cube.ide.mcu.externaltools.gnu-tools-for-stm32.7-2018-q2-update.win32_1.0.0.201904181610/tools/bin/../lib/gcc/arm-none-eabi/7.3.1/../../../../arm-none-eabi/lib/thumb/v7e-m/fpv4-sp/hard\libc_nano.a(lib_a-init.o)
 .ARM.attributes
                0x0000000000000390       0x34 c:/st/stm32cubeide_1.1.0/stm32cubeide/plugins/com.st.stm32cube.ide.mcu.externaltools.gnu-tools-for-stm32.7-2018-q2-update.win32_1.0.0.201904181610/tools/bin/../lib/gcc/arm-none-eabi/7.3.1/../../../../arm-none-eabi/lib/thumb/v7e-m/fpv4-sp/hard\libc_nano.a(lib_a-memset.o)
 .ARM.attributes
                0x00000000000003c4       0x22 c:/st/stm32cubeide_1.1.0/stm32cubeide/plugins/com.st.stm32cube.ide.mcu.externaltools.gnu-tools-for-stm32.7-2018-q2-update.win32_1.0.0.201904181610/tools/bin/../lib/gcc/arm-none-eabi/7.3.1/thumb/v7e-m/fpv4-sp/hard/crtn.o
OUTPUT(L431_TIMER.elf elf32-littlearm)

.debug_info     0x0000000000000000     0xa534
 .debug_info    0x0000000000000000      0xb87 Drivers/STM32L4xx_HAL_Driver/Src/stm32l4xx_hal.o
 .debug_info    0x0000000000000b87      0xed6 Drivers/STM32L4xx_HAL_Driver/Src/stm32l4xx_hal_cortex.o
 .debug_info    0x0000000000001a5d      0x982 Drivers/STM32L4xx_HAL_Driver/Src/stm32l4xx_hal_gpio.o
 .debug_info    0x00000000000023df      0xa26 Drivers/STM32L4xx_HAL_Driver/Src/stm32l4xx_hal_pwr_ex.o
 .debug_info    0x0000000000002e05      0xcad Drivers/STM32L4xx_HAL_Driver/Src/stm32l4xx_hal_rcc.o
 .debug_info    0x0000000000003ab2     0x266d Drivers/STM32L4xx_HAL_Driver/Src/stm32l4xx_hal_tim.o
 .debug_info    0x000000000000611f     0x13d8 Drivers/STM32L4xx_HAL_Driver/Src/stm32l4xx_hal_tim_ex.o
 .debug_info    0x00000000000074f7      0x62c Src/gpio.o
 .debug_info    0x0000000000007b23      0x911 Src/main.o
 .debug_info    0x0000000000008434      0x4d5 Src/stm32l4xx_hal_msp.o
 .debug_info    0x0000000000008909      0x8ae Src/stm32l4xx_it.o
 .debug_info    0x00000000000091b7      0x703 Src/system_stm32l4xx.o
 .debug_info    0x00000000000098ba      0xc58 Src/tim.o
 .debug_info    0x000000000000a512       0x22 Startup/startup_stm32l431cctx.o

.debug_abbrev   0x0000000000000000     0x1755
 .debug_abbrev  0x0000000000000000      0x1fb Drivers/STM32L4xx_HAL_Driver/Src/stm32l4xx_hal.o
 .debug_abbrev  0x00000000000001fb      0x2fa Drivers/STM32L4xx_HAL_Driver/Src/stm32l4xx_hal_cortex.o
 .debug_abbrev  0x00000000000004f5      0x1c0 Drivers/STM32L4xx_HAL_Driver/Src/stm32l4xx_hal_gpio.o
 .debug_abbrev  0x00000000000006b5      0x1cb Drivers/STM32L4xx_HAL_Driver/Src/stm32l4xx_hal_pwr_ex.o
 .debug_abbrev  0x0000000000000880      0x245 Drivers/STM32L4xx_HAL_Driver/Src/stm32l4xx_hal_rcc.o
 .debug_abbrev  0x0000000000000ac5      0x230 Drivers/STM32L4xx_HAL_Driver/Src/stm32l4xx_hal_tim.o
 .debug_abbrev  0x0000000000000cf5      0x21e Drivers/STM32L4xx_HAL_Driver/Src/stm32l4xx_hal_tim_ex.o
 .debug_abbrev  0x0000000000000f13      0x134 Src/gpio.o
 .debug_abbrev  0x0000000000001047      0x194 Src/main.o
 .debug_abbrev  0x00000000000011db      0x125 Src/stm32l4xx_hal_msp.o
 .debug_abbrev  0x0000000000001300      0x15a Src/stm32l4xx_it.o
 .debug_abbrev  0x000000000000145a      0x150 Src/system_stm32l4xx.o
 .debug_abbrev  0x00000000000015aa      0x199 Src/tim.o
 .debug_abbrev  0x0000000000001743       0x12 Startup/startup_stm32l431cctx.o

.debug_aranges  0x0000000000000000      0xa98
 .debug_aranges
                0x0000000000000000      0x130 Drivers/STM32L4xx_HAL_Driver/Src/stm32l4xx_hal.o
 .debug_aranges
                0x0000000000000130      0x118 Drivers/STM32L4xx_HAL_Driver/Src/stm32l4xx_hal_cortex.o
 .debug_aranges
                0x0000000000000248       0x58 Drivers/STM32L4xx_HAL_Driver/Src/stm32l4xx_hal_gpio.o
 .debug_aranges
                0x00000000000002a0       0xf8 Drivers/STM32L4xx_HAL_Driver/Src/stm32l4xx_hal_pwr_ex.o
 .debug_aranges
                0x0000000000000398       0x88 Drivers/STM32L4xx_HAL_Driver/Src/stm32l4xx_hal_rcc.o
 .debug_aranges
                0x0000000000000420      0x3b8 Drivers/STM32L4xx_HAL_Driver/Src/stm32l4xx_hal_tim.o
 .debug_aranges
                0x00000000000007d8      0x168 Drivers/STM32L4xx_HAL_Driver/Src/stm32l4xx_hal_tim_ex.o
 .debug_aranges
                0x0000000000000940       0x20 Src/gpio.o
 .debug_aranges
                0x0000000000000960       0x30 Src/main.o
 .debug_aranges
                0x0000000000000990       0x20 Src/stm32l4xx_hal_msp.o
 .debug_aranges
                0x00000000000009b0       0x68 Src/stm32l4xx_it.o
 .debug_aranges
                0x0000000000000a18       0x28 Src/system_stm32l4xx.o
 .debug_aranges
                0x0000000000000a40       0x30 Src/tim.o
 .debug_aranges
                0x0000000000000a70       0x28 Startup/startup_stm32l431cctx.o

.debug_ranges   0x0000000000000000      0x9c0
 .debug_ranges  0x0000000000000000      0x120 Drivers/STM32L4xx_HAL_Driver/Src/stm32l4xx_hal.o
 .debug_ranges  0x0000000000000120      0x108 Drivers/STM32L4xx_HAL_Driver/Src/stm32l4xx_hal_cortex.o
 .debug_ranges  0x0000000000000228       0x48 Drivers/STM32L4xx_HAL_Driver/Src/stm32l4xx_hal_gpio.o
 .debug_ranges  0x0000000000000270       0xe8 Drivers/STM32L4xx_HAL_Driver/Src/stm32l4xx_hal_pwr_ex.o
 .debug_ranges  0x0000000000000358       0x78 Drivers/STM32L4xx_HAL_Driver/Src/stm32l4xx_hal_rcc.o
 .debug_ranges  0x00000000000003d0      0x3a8 Drivers/STM32L4xx_HAL_Driver/Src/stm32l4xx_hal_tim.o
 .debug_ranges  0x0000000000000778      0x158 Drivers/STM32L4xx_HAL_Driver/Src/stm32l4xx_hal_tim_ex.o
 .debug_ranges  0x00000000000008d0       0x10 Src/gpio.o
 .debug_ranges  0x00000000000008e0       0x20 Src/main.o
 .debug_ranges  0x0000000000000900       0x10 Src/stm32l4xx_hal_msp.o
 .debug_ranges  0x0000000000000910       0x58 Src/stm32l4xx_it.o
 .debug_ranges  0x0000000000000968       0x18 Src/system_stm32l4xx.o
 .debug_ranges  0x0000000000000980       0x20 Src/tim.o
 .debug_ranges  0x00000000000009a0       0x20 Startup/startup_stm32l431cctx.o

.debug_macro    0x0000000000000000    0x20151
 .debug_macro   0x0000000000000000      0x223 Drivers/STM32L4xx_HAL_Driver/Src/stm32l4xx_hal.o
 .debug_macro   0x0000000000000223      0xa5a Drivers/STM32L4xx_HAL_Driver/Src/stm32l4xx_hal.o
 .debug_macro   0x0000000000000c7d       0xba Drivers/STM32L4xx_HAL_Driver/Src/stm32l4xx_hal.o
 .debug_macro   0x0000000000000d37       0x2e Drivers/STM32L4xx_HAL_Driver/Src/stm32l4xx_hal.o
 .debug_macro   0x0000000000000d65       0x28 Drivers/STM32L4xx_HAL_Driver/Src/stm32l4xx_hal.o
 .debug_macro   0x0000000000000d8d       0x22 Drivers/STM32L4xx_HAL_Driver/Src/stm32l4xx_hal.o
 .debug_macro   0x0000000000000daf       0x8e Drivers/STM32L4xx_HAL_Driver/Src/stm32l4xx_hal.o
 .debug_macro   0x0000000000000e3d       0x51 Drivers/STM32L4xx_HAL_Driver/Src/stm32l4xx_hal.o
 .debug_macro   0x0000000000000e8e       0xef Drivers/STM32L4xx_HAL_Driver/Src/stm32l4xx_hal.o
 .debug_macro   0x0000000000000f7d       0x6a Drivers/STM32L4xx_HAL_Driver/Src/stm32l4xx_hal.o
 .debug_macro   0x0000000000000fe7      0x1df Drivers/STM32L4xx_HAL_Driver/Src/stm32l4xx_hal.o
 .debug_macro   0x00000000000011c6       0x1c Drivers/STM32L4xx_HAL_Driver/Src/stm32l4xx_hal.o
 .debug_macro   0x00000000000011e2       0x22 Drivers/STM32L4xx_HAL_Driver/Src/stm32l4xx_hal.o
 .debug_macro   0x0000000000001204       0xdf Drivers/STM32L4xx_HAL_Driver/Src/stm32l4xx_hal.o
 .debug_macro   0x00000000000012e3     0x102d Drivers/STM32L4xx_HAL_Driver/Src/stm32l4xx_hal.o
 .debug_macro   0x0000000000002310      0x11f Drivers/STM32L4xx_HAL_Driver/Src/stm32l4xx_hal.o
 .debug_macro   0x000000000000242f    0x150d6 Drivers/STM32L4xx_HAL_Driver/Src/stm32l4xx_hal.o
 .debug_macro   0x0000000000017505       0x43 Drivers/STM32L4xx_HAL_Driver/Src/stm32l4xx_hal.o
 .debug_macro   0x0000000000017548     0x3820 Drivers/STM32L4xx_HAL_Driver/Src/stm32l4xx_hal.o
 .debug_macro   0x000000000001ad68      0x174 Drivers/STM32L4xx_HAL_Driver/Src/stm32l4xx_hal.o
 .debug_macro   0x000000000001aedc       0x5a Drivers/STM32L4xx_HAL_Driver/Src/stm32l4xx_hal.o
 .debug_macro   0x000000000001af36     0x12e9 Drivers/STM32L4xx_HAL_Driver/Src/stm32l4xx_hal.o
 .debug_macro   0x000000000001c21f      0x59e Drivers/STM32L4xx_HAL_Driver/Src/stm32l4xx_hal.o
 .debug_macro   0x000000000001c7bd      0x241 Drivers/STM32L4xx_HAL_Driver/Src/stm32l4xx_hal.o
 .debug_macro   0x000000000001c9fe      0x13d Drivers/STM32L4xx_HAL_Driver/Src/stm32l4xx_hal.o
 .debug_macro   0x000000000001cb3b      0x11b Drivers/STM32L4xx_HAL_Driver/Src/stm32l4xx_hal.o
 .debug_macro   0x000000000001cc56      0x26b Drivers/STM32L4xx_HAL_Driver/Src/stm32l4xx_hal.o
 .debug_macro   0x000000000001cec1      0x236 Drivers/STM32L4xx_HAL_Driver/Src/stm32l4xx_hal.o
 .debug_macro   0x000000000001d0f7      0x367 Drivers/STM32L4xx_HAL_Driver/Src/stm32l4xx_hal.o
 .debug_macro   0x000000000001d45e       0xe4 Drivers/STM32L4xx_HAL_Driver/Src/stm32l4xx_hal.o
 .debug_macro   0x000000000001d542      0x22c Drivers/STM32L4xx_HAL_Driver/Src/stm32l4xx_hal.o
 .debug_macro   0x000000000001d76e       0x5e Drivers/STM32L4xx_HAL_Driver/Src/stm32l4xx_hal.o
 .debug_macro   0x000000000001d7cc       0xa5 Drivers/STM32L4xx_HAL_Driver/Src/stm32l4xx_hal.o
 .debug_macro   0x000000000001d871      0x122 Drivers/STM32L4xx_HAL_Driver/Src/stm32l4xx_hal.o
 .debug_macro   0x000000000001d993      0x2da Drivers/STM32L4xx_HAL_Driver/Src/stm32l4xx_hal.o
 .debug_macro   0x000000000001dc6d      0x9f7 Drivers/STM32L4xx_HAL_Driver/Src/stm32l4xx_hal.o
 .debug_macro   0x000000000001e664      0x12e Drivers/STM32L4xx_HAL_Driver/Src/stm32l4xx_hal.o
 .debug_macro   0x000000000001e792      0x286 Drivers/STM32L4xx_HAL_Driver/Src/stm32l4xx_hal.o
 .debug_macro   0x000000000001ea18      0x1d5 Drivers/STM32L4xx_HAL_Driver/Src/stm32l4xx_hal_cortex.o
 .debug_macro   0x000000000001ebed      0x214 Drivers/STM32L4xx_HAL_Driver/Src/stm32l4xx_hal_gpio.o
 .debug_macro   0x000000000001ee01      0x1f9 Drivers/STM32L4xx_HAL_Driver/Src/stm32l4xx_hal_pwr_ex.o
 .debug_macro   0x000000000001effa      0x217 Drivers/STM32L4xx_HAL_Driver/Src/stm32l4xx_hal_rcc.o
 .debug_macro   0x000000000001f211      0x1d6 Drivers/STM32L4xx_HAL_Driver/Src/stm32l4xx_hal_tim.o
 .debug_macro   0x000000000001f3e7      0x1d5 Drivers/STM32L4xx_HAL_Driver/Src/stm32l4xx_hal_tim_ex.o
 .debug_macro   0x000000000001f5bc      0x1ee Src/gpio.o
 .debug_macro   0x000000000001f7aa       0x10 Src/gpio.o
 .debug_macro   0x000000000001f7ba      0x1fc Src/main.o
 .debug_macro   0x000000000001f9b6      0x1e4 Src/stm32l4xx_hal_msp.o
 .debug_macro   0x000000000001fb9a      0x1ee Src/stm32l4xx_it.o
 .debug_macro   0x000000000001fd88      0x1db Src/system_stm32l4xx.o
 .debug_macro   0x000000000001ff63      0x1ee Src/tim.o

.debug_line     0x0000000000000000     0x81f2
 .debug_line    0x0000000000000000      0x973 Drivers/STM32L4xx_HAL_Driver/Src/stm32l4xx_hal.o
 .debug_line    0x0000000000000973      0x9fe Drivers/STM32L4xx_HAL_Driver/Src/stm32l4xx_hal_cortex.o
 .debug_line    0x0000000000001371      0x867 Drivers/STM32L4xx_HAL_Driver/Src/stm32l4xx_hal_gpio.o
 .debug_line    0x0000000000001bd8      0x991 Drivers/STM32L4xx_HAL_Driver/Src/stm32l4xx_hal_pwr_ex.o
 .debug_line    0x0000000000002569      0x9e9 Drivers/STM32L4xx_HAL_Driver/Src/stm32l4xx_hal_rcc.o
 .debug_line    0x0000000000002f52     0x1a34 Drivers/STM32L4xx_HAL_Driver/Src/stm32l4xx_hal_tim.o
 .debug_line    0x0000000000004986      0xdad Drivers/STM32L4xx_HAL_Driver/Src/stm32l4xx_hal_tim_ex.o
 .debug_line    0x0000000000005733      0x6d4 Src/gpio.o
 .debug_line    0x0000000000005e07      0x716 Src/main.o
 .debug_line    0x000000000000651d      0x6d0 Src/stm32l4xx_hal_msp.o
 .debug_line    0x0000000000006bed      0x787 Src/stm32l4xx_it.o
 .debug_line    0x0000000000007374      0x6fb Src/system_stm32l4xx.o
 .debug_line    0x0000000000007a6f      0x703 Src/tim.o
 .debug_line    0x0000000000008172       0x80 Startup/startup_stm32l431cctx.o

.debug_str      0x0000000000000000    0xc3f97
 .debug_str     0x0000000000000000    0xc16c7 Drivers/STM32L4xx_HAL_Driver/Src/stm32l4xx_hal.o
                                      0xc1ab7 (size before relaxing)
 .debug_str     0x00000000000c16c7      0x3eb Drivers/STM32L4xx_HAL_Driver/Src/stm32l4xx_hal_cortex.o
                                      0xc1830 (size before relaxing)
 .debug_str     0x00000000000c1ab2      0x2c1 Drivers/STM32L4xx_HAL_Driver/Src/stm32l4xx_hal_gpio.o
                                      0xc133d (size before relaxing)
 .debug_str     0x00000000000c1d73      0x3eb Drivers/STM32L4xx_HAL_Driver/Src/stm32l4xx_hal_pwr_ex.o
                                      0xc14c8 (size before relaxing)
 .debug_str     0x00000000000c215e      0x50d Drivers/STM32L4xx_HAL_Driver/Src/stm32l4xx_hal_rcc.o
                                      0xc163f (size before relaxing)
 .debug_str     0x00000000000c266b     0x10f5 Drivers/STM32L4xx_HAL_Driver/Src/stm32l4xx_hal_tim.o
                                      0xc213a (size before relaxing)
 .debug_str     0x00000000000c3760      0x60f Drivers/STM32L4xx_HAL_Driver/Src/stm32l4xx_hal_tim_ex.o
                                      0xc1a5b (size before relaxing)
 .debug_str     0x00000000000c3d6f       0x58 Src/gpio.o
                                      0xc10ec (size before relaxing)
 .debug_str     0x00000000000c3dc7       0x43 Src/main.o
                                      0xc1458 (size before relaxing)
 .debug_str     0x00000000000c3e0a       0x1b Src/stm32l4xx_hal_msp.o
                                      0xc1051 (size before relaxing)
 .debug_str     0x00000000000c3e25       0xc8 Src/stm32l4xx_it.o
                                      0xc13b0 (size before relaxing)
 .debug_str     0x00000000000c3eed       0x50 Src/system_stm32l4xx.o
                                      0xc10be (size before relaxing)
 .debug_str     0x00000000000c3f3d       0x29 Src/tim.o
                                      0xc1935 (size before relaxing)
 .debug_str     0x00000000000c3f66       0x31 Startup/startup_stm32l431cctx.o
                                         0x63 (size before relaxing)

.comment        0x0000000000000000       0x7b
 .comment       0x0000000000000000       0x7b Drivers/STM32L4xx_HAL_Driver/Src/stm32l4xx_hal.o
                                         0x7c (size before relaxing)
 .comment       0x000000000000007b       0x7c Drivers/STM32L4xx_HAL_Driver/Src/stm32l4xx_hal_cortex.o
 .comment       0x000000000000007b       0x7c Drivers/STM32L4xx_HAL_Driver/Src/stm32l4xx_hal_gpio.o
 .comment       0x000000000000007b       0x7c Drivers/STM32L4xx_HAL_Driver/Src/stm32l4xx_hal_pwr_ex.o
 .comment       0x000000000000007b       0x7c Drivers/STM32L4xx_HAL_Driver/Src/stm32l4xx_hal_rcc.o
 .comment       0x000000000000007b       0x7c Drivers/STM32L4xx_HAL_Driver/Src/stm32l4xx_hal_tim.o
 .comment       0x000000000000007b       0x7c Drivers/STM32L4xx_HAL_Driver/Src/stm32l4xx_hal_tim_ex.o
 .comment       0x000000000000007b       0x7c Src/gpio.o
 .comment       0x000000000000007b       0x7c Src/main.o
 .comment       0x000000000000007b       0x7c Src/stm32l4xx_hal_msp.o
 .comment       0x000000000000007b       0x7c Src/stm32l4xx_it.o
 .comment       0x000000000000007b       0x7c Src/system_stm32l4xx.o
 .comment       0x000000000000007b       0x7c Src/tim.o

.debug_frame    0x0000000000000000     0x2af8
 .debug_frame   0x0000000000000000      0x498 Drivers/STM32L4xx_HAL_Driver/Src/stm32l4xx_hal.o
 .debug_frame   0x0000000000000498      0x498 Drivers/STM32L4xx_HAL_Driver/Src/stm32l4xx_hal_cortex.o
 .debug_frame   0x0000000000000930      0x14c Drivers/STM32L4xx_HAL_Driver/Src/stm32l4xx_hal_gpio.o
 .debug_frame   0x0000000000000a7c      0x3e4 Drivers/STM32L4xx_HAL_Driver/Src/stm32l4xx_hal_pwr_ex.o
 .debug_frame   0x0000000000000e60      0x1f4 Drivers/STM32L4xx_HAL_Driver/Src/stm32l4xx_hal_rcc.o
 .debug_frame   0x0000000000001054     0x1148 Drivers/STM32L4xx_HAL_Driver/Src/stm32l4xx_hal_tim.o
 .debug_frame   0x000000000000219c      0x638 Drivers/STM32L4xx_HAL_Driver/Src/stm32l4xx_hal_tim_ex.o
 .debug_frame   0x00000000000027d4       0x34 Src/gpio.o
 .debug_frame   0x0000000000002808       0x70 Src/main.o
 .debug_frame   0x0000000000002878       0x38 Src/stm32l4xx_hal_msp.o
 .debug_frame   0x00000000000028b0      0x128 Src/stm32l4xx_it.o
 .debug_frame   0x00000000000029d8       0x58 Src/system_stm32l4xx.o
 .debug_frame   0x0000000000002a30       0x7c Src/tim.o
 .debug_frame   0x0000000000002aac       0x2c c:/st/stm32cubeide_1.1.0/stm32cubeide/plugins/com.st.stm32cube.ide.mcu.externaltools.gnu-tools-for-stm32.7-2018-q2-update.win32_1.0.0.201904181610/tools/bin/../lib/gcc/arm-none-eabi/7.3.1/../../../../arm-none-eabi/lib/thumb/v7e-m/fpv4-sp/hard\libc_nano.a(lib_a-init.o)
 .debug_frame   0x0000000000002ad8       0x20 c:/st/stm32cubeide_1.1.0/stm32cubeide/plugins/com.st.stm32cube.ide.mcu.externaltools.gnu-tools-for-stm32.7-2018-q2-update.win32_1.0.0.201904181610/tools/bin/../lib/gcc/arm-none-eabi/7.3.1/../../../../arm-none-eabi/lib/thumb/v7e-m/fpv4-sp/hard\libc_nano.a(lib_a-memset.o)
